
17:33:26  {"type":"login_success","wxid":"wxid_by7xtx5ikbrv41","user":"@1R\u0007","nickname":"\u9ea6","phone":"","time":"1510738406000","sign":"2134d1b1cd9b2910954f4c860be8c184"}
17:33:42  {"type":"event","wxid":"wxid_by7xtx5ikbrv41","msg_type":"1","msg_wxid":"4370012129@chatroom","msg":"\n\u53ef\u75bc\u4e86","time":"1510738423000","sign":"d3338552cd3d01c888188deaa96c6034","msg_from":2,"user_wxid":"wxid_k9jdv2j4n8cf12"}